E:\GitHub Projects\Noshahi-Institute-Manager\nim-vcg-backend\SchoolApiService\Controllers\SubjectAssignmentsController.cs(69,45): error CS1061: 'Section' does not contain a definition for 'Standard' and no accessible extension method 'Standard' accepting a first argument of type 'Section' could be found (are you missing a using directive or an assembly reference?) [E:\GitHub Projects\Noshahi-Institute-Manager\nim-vcg-backend\SchoolApiService\SchoolApiService.csproj]

Build FAILED.
    66 Warning(s)
    1 Error(s)

Time Elapsed 00:00:08.55
