  Determining projects to restore...
  All projects are up-to-date for restore.
  SchoolApp.Models -> E:\GitHub Projects\Noshahi-Institute-Manager\nim-vcg-backend\SchoolApp.Models\bin\Debug\net8.0\SchoolApp.Models.dll
  SchoolApp.DAL -> E:\GitHub Projects\Noshahi-Institute-Manager\nim-vcg-backend\SchoolApp.DAL\bin\Debug\net8.0\SchoolApp.DAL.dll
C:\Program Files\dotnet\sdk\10.0.103\Microsoft.Common.CurrentVersion.targets(5080,5): warning MSB3026: Could not copy "E:\GitHub Projects\Noshahi-Institute-Manager\nim-vcg-backend\SchoolApp.Models\bin\Debug\net8.0\SchoolApp.Models.dll" to "bin\Debug\net8.0\SchoolApp.Models.dll". Beginning retry 1 in 1000ms. The process cannot access the file 'E:\GitHub Projects\Noshahi-Institute-Manager\nim-vcg-backend\SchoolApiService\bin\Debug\net8.0\SchoolApp.Models.dll' because it is being used by another process. The file is locked by: "SchoolApiService (14224)" [E:\GitHub Projects\Noshahi-Institute-Manager\nim-vcg-backend\SchoolApiService\SchoolApiService.csproj]
C:\Program Files\dotnet\sdk\10.0.103\Microsoft.Common.CurrentVersion.targets(5080,5): warning MSB3026: Could not copy "E:\GitHub Projects\Noshahi-Institute-Manager\nim-vcg-backend\SchoolApp.DAL\bin\Debug\net8.0\SchoolApp.DAL.dll" to "bin\Debug\net8.0\SchoolApp.DAL.dll". Beginning retry 1 in 1000ms. The process cannot access the file 'E:\GitHub Projects\Noshahi-Institute-Manager\nim-vcg-backend\SchoolApiService\bin\Debug\net8.0\SchoolApp.DAL.dll' because it is being used by another process. The file is locked by: "SchoolApiService (14224)" [E:\GitHub Projects\Noshahi-Institute-Manager\nim-vcg-backend\SchoolApiService\SchoolApiService.csproj]
C:\Program Files\dotnet\sdk\10.0.103\Microsoft.Common.CurrentVersion.targets(5080,5): warning MSB3026: Could not copy "E:\GitHub Projects\Noshahi-Institute-Manager\nim-vcg-backend\SchoolApp.Models\bin\Debug\net8.0\SchoolApp.Models.dll" to "bin\Debug\net8.0\SchoolApp.Models.dll". Beginning retry 2 in 1000ms. The process cannot access the file 'E:\GitHub Projects\Noshahi-Institute-Manager\nim-vcg-backend\SchoolApiService\bin\Debug\net8.0\SchoolApp.Models.dll' because it is being used by another process. The file is locked by: "SchoolApiService (14224)" [E:\GitHub Projects\Noshahi-Institute-Manager\nim-vcg-backend\SchoolApiService\SchoolApiService.csproj]
C:\Program Files\dotnet\sdk\10.0.103\Microsoft.Common.CurrentVersion.targets(5080,5): warning MSB3026: Could not copy "E:\GitHub Projects\Noshahi-Institute-Manager\nim-vcg-backend\SchoolApp.DAL\bin\Debug\net8.0\SchoolApp.DAL.dll" to "bin\Debug\net8.0\SchoolApp.DAL.dll". Beginning retry 2 in 1000ms. The process cannot access the file 'E:\GitHub Projects\Noshahi-Institute-Manager\nim-vcg-backend\SchoolApiService\bin\Debug\net8.0\SchoolApp.DAL.dll' because it is being used by another process. The file is locked by: "SchoolApiService (14224)" [E:\GitHub Projects\Noshahi-Institute-Manager\nim-vcg-backend\SchoolApiService\SchoolApiService.csproj]
C:\Program Files\dotnet\sdk\10.0.103\Microsoft.Common.CurrentVersion.targets(5080,5): warning MSB3026: Could not copy "E:\GitHub Projects\Noshahi-Institute-Manager\nim-vcg-backend\SchoolApp.Models\bin\Debug\net8.0\SchoolApp.Models.dll" to "bin\Debug\net8.0\SchoolApp.Models.dll". Beginning retry 3 in 1000ms. The process cannot access the file 'E:\GitHub Projects\Noshahi-Institute-Manager\nim-vcg-backend\SchoolApiService\bin\Debug\net8.0\SchoolApp.Models.dll' because it is being used by another process. The file is locked by: "SchoolApiService (14224)" [E:\GitHub Projects\Noshahi-Institute-Manager\nim-vcg-backend\SchoolApiService\SchoolApiService.csproj]
C:\Program Files\dotnet\sdk\10.0.103\Microsoft.Common.CurrentVersion.targets(5080,5): warning MSB3026: Could not copy "E:\GitHub Projects\Noshahi-Institute-Manager\nim-vcg-backend\SchoolApp.DAL\bin\Debug\net8.0\SchoolApp.DAL.dll" to "bin\Debug\net8.0\SchoolApp.DAL.dll". Beginning retry 3 in 1000ms. The process cannot access the file 'E:\GitHub Projects\Noshahi-Institute-Manager\nim-vcg-backend\SchoolApiService\bin\Debug\net8.0\SchoolApp.DAL.dll' because it is being used by another process. The file is locked by: "SchoolApiService (14224)" [E:\GitHub Projects\Noshahi-Institute-Manager\nim-vcg-backend\SchoolApiService\SchoolApiService.csproj]
C:\Program Files\dotnet\sdk\10.0.103\Microsoft.Common.CurrentVersion.targets(5080,5): warning MSB3026: Could not copy "E:\GitHub Projects\Noshahi-Institute-Manager\nim-vcg-backend\SchoolApp.Models\bin\Debug\net8.0\SchoolApp.Models.dll" to "bin\Debug\net8.0\SchoolApp.Models.dll". Beginning retry 4 in 1000ms. The process cannot access the file 'E:\GitHub Projects\Noshahi-Institute-Manager\nim-vcg-backend\SchoolApiService\bin\Debug\net8.0\SchoolApp.Models.dll' because it is being used by another process. The file is locked by: "SchoolApiService (14224)" [E:\GitHub Projects\Noshahi-Institute-Manager\nim-vcg-backend\SchoolApiService\SchoolApiService.csproj]
C:\Program Files\dotnet\sdk\10.0.103\Microsoft.Common.CurrentVersion.targets(5080,5): warning MSB3026: Could not copy "E:\GitHub Projects\Noshahi-Institute-Manager\nim-vcg-backend\SchoolApp.DAL\bin\Debug\net8.0\SchoolApp.DAL.dll" to "bin\Debug\net8.0\SchoolApp.DAL.dll". Beginning retry 4 in 1000ms. The process cannot access the file 'E:\GitHub Projects\Noshahi-Institute-Manager\nim-vcg-backend\SchoolApiService\bin\Debug\net8.0\SchoolApp.DAL.dll' because it is being used by another process. The file is locked by: "SchoolApiService (14224)" [E:\GitHub Projects\Noshahi-Institute-Manager\nim-vcg-backend\SchoolApiService\SchoolApiService.csproj]
C:\Program Files\dotnet\sdk\10.0.103\Microsoft.Common.CurrentVersion.targets(5080,5): warning MSB3026: Could not copy "E:\GitHub Projects\Noshahi-Institute-Manager\nim-vcg-backend\SchoolApp.DAL\bin\Debug\net8.0\SchoolApp.DAL.dll" to "bin\Debug\net8.0\SchoolApp.DAL.dll". Beginning retry 5 in 1000ms. The process cannot access the file 'E:\GitHub Projects\Noshahi-Institute-Manager\nim-vcg-backend\SchoolApiService\bin\Debug\net8.0\SchoolApp.DAL.dll' because it is being used by another process. The file is locked by: "SchoolApiService (14224)" [E:\GitHub Projects\Noshahi-Institute-Manager\nim-vcg-backend\SchoolApiService\SchoolApiService.csproj]
C:\Program Files\dotnet\sdk\10.0.103\Microsoft.Common.CurrentVersion.targets(5080,5): warning MSB3026: Could not copy "E:\GitHub Projects\Noshahi-Institute-Manager\nim-vcg-backend\SchoolApp.Models\bin\Debug\net8.0\SchoolApp.Models.dll" to "bin\Debug\net8.0\SchoolApp.Models.dll". Beginning retry 5 in 1000ms. The process cannot access the file 'E:\GitHub Projects\Noshahi-Institute-Manager\nim-vcg-backend\SchoolApiService\bin\Debug\net8.0\SchoolApp.Models.dll' because it is being used by another process. The file is locked by: "SchoolApiService (14224)" [E:\GitHub Projects\Noshahi-Institute-Manager\nim-vcg-backend\SchoolApiService\SchoolApiService.csproj]
C:\Program Files\dotnet\sdk\10.0.103\Microsoft.Common.CurrentVersion.targets(5080,5): warning MSB3026: Could not copy "E:\GitHub Projects\Noshahi-Institute-Manager\nim-vcg-backend\SchoolApp.Models\bin\Debug\net8.0\SchoolApp.Models.dll" to "bin\Debug\net8.0\SchoolApp.Models.dll". Beginning retry 6 in 1000ms. The process cannot access the file 'E:\GitHub Projects\Noshahi-Institute-Manager\nim-vcg-backend\SchoolApiService\bin\Debug\net8.0\SchoolApp.Models.dll' because it is being used by another process. The file is locked by: "SchoolApiService (14224)" [E:\GitHub Projects\Noshahi-Institute-Manager\nim-vcg-backend\SchoolApiService\SchoolApiService.csproj]
C:\Program Files\dotnet\sdk\10.0.103\Microsoft.Common.CurrentVersion.targets(5080,5): warning MSB3026: Could not copy "E:\GitHub Projects\Noshahi-Institute-Manager\nim-vcg-backend\SchoolApp.DAL\bin\Debug\net8.0\SchoolApp.DAL.dll" to "bin\Debug\net8.0\SchoolApp.DAL.dll". Beginning retry 6 in 1000ms. The process cannot access the file 'E:\GitHub Projects\Noshahi-Institute-Manager\nim-vcg-backend\SchoolApiService\bin\Debug\net8.0\SchoolApp.DAL.dll' because it is being used by another process. The file is locked by: "SchoolApiService (14224)" [E:\GitHub Projects\Noshahi-Institute-Manager\nim-vcg-backend\SchoolApiService\SchoolApiService.csproj]
C:\Program Files\dotnet\sdk\10.0.103\Microsoft.Common.CurrentVersion.targets(5080,5): warning MSB3026: Could not copy "E:\GitHub Projects\Noshahi-Institute-Manager\nim-vcg-backend\SchoolApp.DAL\bin\Debug\net8.0\SchoolApp.DAL.dll" to "bin\Debug\net8.0\SchoolApp.DAL.dll". Beginning retry 7 in 1000ms. The process cannot access the file 'E:\GitHub Projects\Noshahi-Institute-Manager\nim-vcg-backend\SchoolApiService\bin\Debug\net8.0\SchoolApp.DAL.dll' because it is being used by another process. The file is locked by: "SchoolApiService (14224)" [E:\GitHub Projects\Noshahi-Institute-Manager\nim-vcg-backend\SchoolApiService\SchoolApiService.csproj]
C:\Program Files\dotnet\sdk\10.0.103\Microsoft.Common.CurrentVersion.targets(5080,5): warning MSB3026: Could not copy "E:\GitHub Projects\Noshahi-Institute-Manager\nim-vcg-backend\SchoolApp.Models\bin\Debug\net8.0\SchoolApp.Models.dll" to "bin\Debug\net8.0\SchoolApp.Models.dll". Beginning retry 7 in 1000ms. The process cannot access the file 'E:\GitHub Projects\Noshahi-Institute-Manager\nim-vcg-backend\SchoolApiService\bin\Debug\net8.0\SchoolApp.Models.dll' because it is being used by another process. The file is locked by: "SchoolApiService (14224)" [E:\GitHub Projects\Noshahi-Institute-Manager\nim-vcg-backend\SchoolApiService\SchoolApiService.csproj]
C:\Program Files\dotnet\sdk\10.0.103\Microsoft.Common.CurrentVersion.targets(5080,5): warning MSB3026: Could not copy "E:\GitHub Projects\Noshahi-Institute-Manager\nim-vcg-backend\SchoolApp.DAL\bin\Debug\net8.0\SchoolApp.DAL.dll" to "bin\Debug\net8.0\SchoolApp.DAL.dll". Beginning retry 8 in 1000ms. The process cannot access the file 'E:\GitHub Projects\Noshahi-Institute-Manager\nim-vcg-backend\SchoolApiService\bin\Debug\net8.0\SchoolApp.DAL.dll' because it is being used by another process. The file is locked by: "SchoolApiService (14224)" [E:\GitHub Projects\Noshahi-Institute-Manager\nim-vcg-backend\SchoolApiService\SchoolApiService.csproj]
C:\Program Files\dotnet\sdk\10.0.103\Microsoft.Common.CurrentVersion.targets(5080,5): warning MSB3026: Could not copy "E:\GitHub Projects\Noshahi-Institute-Manager\nim-vcg-backend\SchoolApp.Models\bin\Debug\net8.0\SchoolApp.Models.dll" to "bin\Debug\net8.0\SchoolApp.Models.dll". Beginning retry 8 in 1000ms. The process cannot access the file 'E:\GitHub Projects\Noshahi-Institute-Manager\nim-vcg-backend\SchoolApiService\bin\Debug\net8.0\SchoolApp.Models.dll' because it is being used by another process. The file is locked by: "SchoolApiService (14224)" [E:\GitHub Projects\Noshahi-Institute-Manager\nim-vcg-backend\SchoolApiService\SchoolApiService.csproj]
C:\Program Files\dotnet\sdk\10.0.103\Microsoft.Common.CurrentVersion.targets(5080,5): warning MSB3026: Could not copy "E:\GitHub Projects\Noshahi-Institute-Manager\nim-vcg-backend\SchoolApp.Models\bin\Debug\net8.0\SchoolApp.Models.dll" to "bin\Debug\net8.0\SchoolApp.Models.dll". Beginning retry 9 in 1000ms. The process cannot access the file 'E:\GitHub Projects\Noshahi-Institute-Manager\nim-vcg-backend\SchoolApiService\bin\Debug\net8.0\SchoolApp.Models.dll' because it is being used by another process. The file is locked by: "SchoolApiService (14224)" [E:\GitHub Projects\Noshahi-Institute-Manager\nim-vcg-backend\SchoolApiService\SchoolApiService.csproj]
C:\Program Files\dotnet\sdk\10.0.103\Microsoft.Common.CurrentVersion.targets(5080,5): warning MSB3026: Could not copy "E:\GitHub Projects\Noshahi-Institute-Manager\nim-vcg-backend\SchoolApp.DAL\bin\Debug\net8.0\SchoolApp.DAL.dll" to "bin\Debug\net8.0\SchoolApp.DAL.dll". Beginning retry 9 in 1000ms. The process cannot access the file 'E:\GitHub Projects\Noshahi-Institute-Manager\nim-vcg-backend\SchoolApiService\bin\Debug\net8.0\SchoolApp.DAL.dll' because it is being used by another process. The file is locked by: "SchoolApiService (14224)" [E:\GitHub Projects\Noshahi-Institute-Manager\nim-vcg-backend\SchoolApiService\SchoolApiService.csproj]
C:\Program Files\dotnet\sdk\10.0.103\Microsoft.Common.CurrentVersion.targets(5080,5): warning MSB3026: Could not copy "E:\GitHub Projects\Noshahi-Institute-Manager\nim-vcg-backend\SchoolApp.Models\bin\Debug\net8.0\SchoolApp.Models.dll" to "bin\Debug\net8.0\SchoolApp.Models.dll". Beginning retry 10 in 1000ms. The process cannot access the file 'E:\GitHub Projects\Noshahi-Institute-Manager\nim-vcg-backend\SchoolApiService\bin\Debug\net8.0\SchoolApp.Models.dll' because it is being used by another process. The file is locked by: "SchoolApiService (14224)" [E:\GitHub Projects\Noshahi-Institute-Manager\nim-vcg-backend\SchoolApiService\SchoolApiService.csproj]
C:\Program Files\dotnet\sdk\10.0.103\Microsoft.Common.CurrentVersion.targets(5080,5): warning MSB3026: Could not copy "E:\GitHub Projects\Noshahi-Institute-Manager\nim-vcg-backend\SchoolApp.DAL\bin\Debug\net8.0\SchoolApp.DAL.dll" to "bin\Debug\net8.0\SchoolApp.DAL.dll". Beginning retry 10 in 1000ms. The process cannot access the file 'E:\GitHub Projects\Noshahi-Institute-Manager\nim-vcg-backend\SchoolApiService\bin\Debug\net8.0\SchoolApp.DAL.dll' because it is being used by another process. The file is locked by: "SchoolApiService (14224)" [E:\GitHub Projects\Noshahi-Institute-Manager\nim-vcg-backend\SchoolApiService\SchoolApiService.csproj]
C:\Program Files\dotnet\sdk\10.0.103\Microsoft.Common.CurrentVersion.targets(5080,5): error MSB3027: Could not copy "E:\GitHub Projects\Noshahi-Institute-Manager\nim-vcg-backend\SchoolApp.DAL\bin\Debug\net8.0\SchoolApp.DAL.dll" to "bin\Debug\net8.0\SchoolApp.DAL.dll". Exceeded retry count of 10. Failed. The file is locked by: "SchoolApiService (14224)" [E:\GitHub Projects\Noshahi-Institute-Manager\nim-vcg-backend\SchoolApiService\SchoolApiService.csproj]
C:\Program Files\dotnet\sdk\10.0.103\Microsoft.Common.CurrentVersion.targets(5080,5): error MSB3021: Unable to copy file "E:\GitHub Projects\Noshahi-Institute-Manager\nim-vcg-backend\SchoolApp.DAL\bin\Debug\net8.0\SchoolApp.DAL.dll" to "bin\Debug\net8.0\SchoolApp.DAL.dll". The process cannot access the file 'E:\GitHub Projects\Noshahi-Institute-Manager\nim-vcg-backend\SchoolApiService\bin\Debug\net8.0\SchoolApp.DAL.dll' because it is being used by another process. [E:\GitHub Projects\Noshahi-Institute-Manager\nim-vcg-backend\SchoolApiService\SchoolApiService.csproj]
C:\Program Files\dotnet\sdk\10.0.103\Microsoft.Common.CurrentVersion.targets(5080,5): error MSB3027: Could not copy "E:\GitHub Projects\Noshahi-Institute-Manager\nim-vcg-backend\SchoolApp.Models\bin\Debug\net8.0\SchoolApp.Models.dll" to "bin\Debug\net8.0\SchoolApp.Models.dll". Exceeded retry count of 10. Failed. The file is locked by: "SchoolApiService (14224)" [E:\GitHub Projects\Noshahi-Institute-Manager\nim-vcg-backend\SchoolApiService\SchoolApiService.csproj]
C:\Program Files\dotnet\sdk\10.0.103\Microsoft.Common.CurrentVersion.targets(5080,5): error MSB3021: Unable to copy file "E:\GitHub Projects\Noshahi-Institute-Manager\nim-vcg-backend\SchoolApp.Models\bin\Debug\net8.0\SchoolApp.Models.dll" to "bin\Debug\net8.0\SchoolApp.Models.dll". The process cannot access the file 'E:\GitHub Projects\Noshahi-Institute-Manager\nim-vcg-backend\SchoolApiService\bin\Debug\net8.0\SchoolApp.Models.dll' because it is being used by another process. [E:\GitHub Projects\Noshahi-Institute-Manager\nim-vcg-backend\SchoolApiService\SchoolApiService.csproj]

Build FAILED.

C:\Program Files\dotnet\sdk\10.0.103\Microsoft.Common.CurrentVersion.targets(5080,5): warning MSB3026: Could not copy "E:\GitHub Projects\Noshahi-Institute-Manager\nim-vcg-backend\SchoolApp.Models\bin\Debug\net8.0\SchoolApp.Models.dll" to "bin\Debug\net8.0\SchoolApp.Models.dll". Beginning retry 1 in 1000ms. The process cannot access the file 'E:\GitHub Projects\Noshahi-Institute-Manager\nim-vcg-backend\SchoolApiService\bin\Debug\net8.0\SchoolApp.Models.dll' because it is being used by another process. The file is locked by: "SchoolApiService (14224)" [E:\GitHub Projects\Noshahi-Institute-Manager\nim-vcg-backend\SchoolApiService\SchoolApiService.csproj]
C:\Program Files\dotnet\sdk\10.0.103\Microsoft.Common.CurrentVersion.targets(5080,5): warning MSB3026: Could not copy "E:\GitHub Projects\Noshahi-Institute-Manager\nim-vcg-backend\SchoolApp.DAL\bin\Debug\net8.0\SchoolApp.DAL.dll" to "bin\Debug\net8.0\SchoolApp.DAL.dll". Beginning retry 1 in 1000ms. The process cannot access the file 'E:\GitHub Projects\Noshahi-Institute-Manager\nim-vcg-backend\SchoolApiService\bin\Debug\net8.0\SchoolApp.DAL.dll' because it is being used by another process. The file is locked by: "SchoolApiService (14224)" [E:\GitHub Projects\Noshahi-Institute-Manager\nim-vcg-backend\SchoolApiService\SchoolApiService.csproj]
C:\Program Files\dotnet\sdk\10.0.103\Microsoft.Common.CurrentVersion.targets(5080,5): warning MSB3026: Could not copy "E:\GitHub Projects\Noshahi-Institute-Manager\nim-vcg-backend\SchoolApp.Models\bin\Debug\net8.0\SchoolApp.Models.dll" to "bin\Debug\net8.0\SchoolApp.Models.dll". Beginning retry 2 in 1000ms. The process cannot access the file 'E:\GitHub Projects\Noshahi-Institute-Manager\nim-vcg-backend\SchoolApiService\bin\Debug\net8.0\SchoolApp.Models.dll' because it is being used by another process. The file is locked by: "SchoolApiService (14224)" [E:\GitHub Projects\Noshahi-Institute-Manager\nim-vcg-backend\SchoolApiService\SchoolApiService.csproj]
C:\Program Files\dotnet\sdk\10.0.103\Microsoft.Common.CurrentVersion.targets(5080,5): warning MSB3026: Could not copy "E:\GitHub Projects\Noshahi-Institute-Manager\nim-vcg-backend\SchoolApp.DAL\bin\Debug\net8.0\SchoolApp.DAL.dll" to "bin\Debug\net8.0\SchoolApp.DAL.dll". Beginning retry 2 in 1000ms. The process cannot access the file 'E:\GitHub Projects\Noshahi-Institute-Manager\nim-vcg-backend\SchoolApiService\bin\Debug\net8.0\SchoolApp.DAL.dll' because it is being used by another process. The file is locked by: "SchoolApiService (14224)" [E:\GitHub Projects\Noshahi-Institute-Manager\nim-vcg-backend\SchoolApiService\SchoolApiService.csproj]
C:\Program Files\dotnet\sdk\10.0.103\Microsoft.Common.CurrentVersion.targets(5080,5): warning MSB3026: Could not copy "E:\GitHub Projects\Noshahi-Institute-Manager\nim-vcg-backend\SchoolApp.Models\bin\Debug\net8.0\SchoolApp.Models.dll" to "bin\Debug\net8.0\SchoolApp.Models.dll". Beginning retry 3 in 1000ms. The process cannot access the file 'E:\GitHub Projects\Noshahi-Institute-Manager\nim-vcg-backend\SchoolApiService\bin\Debug\net8.0\SchoolApp.Models.dll' because it is being used by another process. The file is locked by: "SchoolApiService (14224)" [E:\GitHub Projects\Noshahi-Institute-Manager\nim-vcg-backend\SchoolApiService\SchoolApiService.csproj]
C:\Program Files\dotnet\sdk\10.0.103\Microsoft.Common.CurrentVersion.targets(5080,5): warning MSB3026: Could not copy "E:\GitHub Projects\Noshahi-Institute-Manager\nim-vcg-backend\SchoolApp.DAL\bin\Debug\net8.0\SchoolApp.DAL.dll" to "bin\Debug\net8.0\SchoolApp.DAL.dll". Beginning retry 3 in 1000ms. The process cannot access the file 'E:\GitHub Projects\Noshahi-Institute-Manager\nim-vcg-backend\SchoolApiService\bin\Debug\net8.0\SchoolApp.DAL.dll' because it is being used by another process. The file is locked by: "SchoolApiService (14224)" [E:\GitHub Projects\Noshahi-Institute-Manager\nim-vcg-backend\SchoolApiService\SchoolApiService.csproj]
C:\Program Files\dotnet\sdk\10.0.103\Microsoft.Common.CurrentVersion.targets(5080,5): warning MSB3026: Could not copy "E:\GitHub Projects\Noshahi-Institute-Manager\nim-vcg-backend\SchoolApp.Models\bin\Debug\net8.0\SchoolApp.Models.dll" to "bin\Debug\net8.0\SchoolApp.Models.dll". Beginning retry 4 in 1000ms. The process cannot access the file 'E:\GitHub Projects\Noshahi-Institute-Manager\nim-vcg-backend\SchoolApiService\bin\Debug\net8.0\SchoolApp.Models.dll' because it is being used by another process. The file is locked by: "SchoolApiService (14224)" [E:\GitHub Projects\Noshahi-Institute-Manager\nim-vcg-backend\SchoolApiService\SchoolApiService.csproj]
C:\Program Files\dotnet\sdk\10.0.103\Microsoft.Common.CurrentVersion.targets(5080,5): warning MSB3026: Could not copy "E:\GitHub Projects\Noshahi-Institute-Manager\nim-vcg-backend\SchoolApp.DAL\bin\Debug\net8.0\SchoolApp.DAL.dll" to "bin\Debug\net8.0\SchoolApp.DAL.dll". Beginning retry 4 in 1000ms. The process cannot access the file 'E:\GitHub Projects\Noshahi-Institute-Manager\nim-vcg-backend\SchoolApiService\bin\Debug\net8.0\SchoolApp.DAL.dll' because it is being used by another process. The file is locked by: "SchoolApiService (14224)" [E:\GitHub Projects\Noshahi-Institute-Manager\nim-vcg-backend\SchoolApiService\SchoolApiService.csproj]
C:\Program Files\dotnet\sdk\10.0.103\Microsoft.Common.CurrentVersion.targets(5080,5): warning MSB3026: Could not copy "E:\GitHub Projects\Noshahi-Institute-Manager\nim-vcg-backend\SchoolApp.DAL\bin\Debug\net8.0\SchoolApp.DAL.dll" to "bin\Debug\net8.0\SchoolApp.DAL.dll". Beginning retry 5 in 1000ms. The process cannot access the file 'E:\GitHub Projects\Noshahi-Institute-Manager\nim-vcg-backend\SchoolApiService\bin\Debug\net8.0\SchoolApp.DAL.dll' because it is being used by another process. The file is locked by: "SchoolApiService (14224)" [E:\GitHub Projects\Noshahi-Institute-Manager\nim-vcg-backend\SchoolApiService\SchoolApiService.csproj]
C:\Program Files\dotnet\sdk\10.0.103\Microsoft.Common.CurrentVersion.targets(5080,5): warning MSB3026: Could not copy "E:\GitHub Projects\Noshahi-Institute-Manager\nim-vcg-backend\SchoolApp.Models\bin\Debug\net8.0\SchoolApp.Models.dll" to "bin\Debug\net8.0\SchoolApp.Models.dll". Beginning retry 5 in 1000ms. The process cannot access the file 'E:\GitHub Projects\Noshahi-Institute-Manager\nim-vcg-backend\SchoolApiService\bin\Debug\net8.0\SchoolApp.Models.dll' because it is being used by another process. The file is locked by: "SchoolApiService (14224)" [E:\GitHub Projects\Noshahi-Institute-Manager\nim-vcg-backend\SchoolApiService\SchoolApiService.csproj]
C:\Program Files\dotnet\sdk\10.0.103\Microsoft.Common.CurrentVersion.targets(5080,5): warning MSB3026: Could not copy "E:\GitHub Projects\Noshahi-Institute-Manager\nim-vcg-backend\SchoolApp.Models\bin\Debug\net8.0\SchoolApp.Models.dll" to "bin\Debug\net8.0\SchoolApp.Models.dll". Beginning retry 6 in 1000ms. The process cannot access the file 'E:\GitHub Projects\Noshahi-Institute-Manager\nim-vcg-backend\SchoolApiService\bin\Debug\net8.0\SchoolApp.Models.dll' because it is being used by another process. The file is locked by: "SchoolApiService (14224)" [E:\GitHub Projects\Noshahi-Institute-Manager\nim-vcg-backend\SchoolApiService\SchoolApiService.csproj]
C:\Program Files\dotnet\sdk\10.0.103\Microsoft.Common.CurrentVersion.targets(5080,5): warning MSB3026: Could not copy "E:\GitHub Projects\Noshahi-Institute-Manager\nim-vcg-backend\SchoolApp.DAL\bin\Debug\net8.0\SchoolApp.DAL.dll" to "bin\Debug\net8.0\SchoolApp.DAL.dll". Beginning retry 6 in 1000ms. The process cannot access the file 'E:\GitHub Projects\Noshahi-Institute-Manager\nim-vcg-backend\SchoolApiService\bin\Debug\net8.0\SchoolApp.DAL.dll' because it is being used by another process. The file is locked by: "SchoolApiService (14224)" [E:\GitHub Projects\Noshahi-Institute-Manager\nim-vcg-backend\SchoolApiService\SchoolApiService.csproj]
C:\Program Files\dotnet\sdk\10.0.103\Microsoft.Common.CurrentVersion.targets(5080,5): warning MSB3026: Could not copy "E:\GitHub Projects\Noshahi-Institute-Manager\nim-vcg-backend\SchoolApp.DAL\bin\Debug\net8.0\SchoolApp.DAL.dll" to "bin\Debug\net8.0\SchoolApp.DAL.dll". Beginning retry 7 in 1000ms. The process cannot access the file 'E:\GitHub Projects\Noshahi-Institute-Manager\nim-vcg-backend\SchoolApiService\bin\Debug\net8.0\SchoolApp.DAL.dll' because it is being used by another process. The file is locked by: "SchoolApiService (14224)" [E:\GitHub Projects\Noshahi-Institute-Manager\nim-vcg-backend\SchoolApiService\SchoolApiService.csproj]
C:\Program Files\dotnet\sdk\10.0.103\Microsoft.Common.CurrentVersion.targets(5080,5): warning MSB3026: Could not copy "E:\GitHub Projects\Noshahi-Institute-Manager\nim-vcg-backend\SchoolApp.Models\bin\Debug\net8.0\SchoolApp.Models.dll" to "bin\Debug\net8.0\SchoolApp.Models.dll". Beginning retry 7 in 1000ms. The process cannot access the file 'E:\GitHub Projects\Noshahi-Institute-Manager\nim-vcg-backend\SchoolApiService\bin\Debug\net8.0\SchoolApp.Models.dll' because it is being used by another process. The file is locked by: "SchoolApiService (14224)" [E:\GitHub Projects\Noshahi-Institute-Manager\nim-vcg-backend\SchoolApiService\SchoolApiService.csproj]
C:\Program Files\dotnet\sdk\10.0.103\Microsoft.Common.CurrentVersion.targets(5080,5): warning MSB3026: Could not copy "E:\GitHub Projects\Noshahi-Institute-Manager\nim-vcg-backend\SchoolApp.DAL\bin\Debug\net8.0\SchoolApp.DAL.dll" to "bin\Debug\net8.0\SchoolApp.DAL.dll". Beginning retry 8 in 1000ms. The process cannot access the file 'E:\GitHub Projects\Noshahi-Institute-Manager\nim-vcg-backend\SchoolApiService\bin\Debug\net8.0\SchoolApp.DAL.dll' because it is being used by another process. The file is locked by: "SchoolApiService (14224)" [E:\GitHub Projects\Noshahi-Institute-Manager\nim-vcg-backend\SchoolApiService\SchoolApiService.csproj]
C:\Program Files\dotnet\sdk\10.0.103\Microsoft.Common.CurrentVersion.targets(5080,5): warning MSB3026: Could not copy "E:\GitHub Projects\Noshahi-Institute-Manager\nim-vcg-backend\SchoolApp.Models\bin\Debug\net8.0\SchoolApp.Models.dll" to "bin\Debug\net8.0\SchoolApp.Models.dll". Beginning retry 8 in 1000ms. The process cannot access the file 'E:\GitHub Projects\Noshahi-Institute-Manager\nim-vcg-backend\SchoolApiService\bin\Debug\net8.0\SchoolApp.Models.dll' because it is being used by another process. The file is locked by: "SchoolApiService (14224)" [E:\GitHub Projects\Noshahi-Institute-Manager\nim-vcg-backend\SchoolApiService\SchoolApiService.csproj]
C:\Program Files\dotnet\sdk\10.0.103\Microsoft.Common.CurrentVersion.targets(5080,5): warning MSB3026: Could not copy "E:\GitHub Projects\Noshahi-Institute-Manager\nim-vcg-backend\SchoolApp.Models\bin\Debug\net8.0\SchoolApp.Models.dll" to "bin\Debug\net8.0\SchoolApp.Models.dll". Beginning retry 9 in 1000ms. The process cannot access the file 'E:\GitHub Projects\Noshahi-Institute-Manager\nim-vcg-backend\SchoolApiService\bin\Debug\net8.0\SchoolApp.Models.dll' because it is being used by another process. The file is locked by: "SchoolApiService (14224)" [E:\GitHub Projects\Noshahi-Institute-Manager\nim-vcg-backend\SchoolApiService\SchoolApiService.csproj]
C:\Program Files\dotnet\sdk\10.0.103\Microsoft.Common.CurrentVersion.targets(5080,5): warning MSB3026: Could not copy "E:\GitHub Projects\Noshahi-Institute-Manager\nim-vcg-backend\SchoolApp.DAL\bin\Debug\net8.0\SchoolApp.DAL.dll" to "bin\Debug\net8.0\SchoolApp.DAL.dll". Beginning retry 9 in 1000ms. The process cannot access the file 'E:\GitHub Projects\Noshahi-Institute-Manager\nim-vcg-backend\SchoolApiService\bin\Debug\net8.0\SchoolApp.DAL.dll' because it is being used by another process. The file is locked by: "SchoolApiService (14224)" [E:\GitHub Projects\Noshahi-Institute-Manager\nim-vcg-backend\SchoolApiService\SchoolApiService.csproj]
C:\Program Files\dotnet\sdk\10.0.103\Microsoft.Common.CurrentVersion.targets(5080,5): warning MSB3026: Could not copy "E:\GitHub Projects\Noshahi-Institute-Manager\nim-vcg-backend\SchoolApp.Models\bin\Debug\net8.0\SchoolApp.Models.dll" to "bin\Debug\net8.0\SchoolApp.Models.dll". Beginning retry 10 in 1000ms. The process cannot access the file 'E:\GitHub Projects\Noshahi-Institute-Manager\nim-vcg-backend\SchoolApiService\bin\Debug\net8.0\SchoolApp.Models.dll' because it is being used by another process. The file is locked by: "SchoolApiService (14224)" [E:\GitHub Projects\Noshahi-Institute-Manager\nim-vcg-backend\SchoolApiService\SchoolApiService.csproj]
C:\Program Files\dotnet\sdk\10.0.103\Microsoft.Common.CurrentVersion.targets(5080,5): warning MSB3026: Could not copy "E:\GitHub Projects\Noshahi-Institute-Manager\nim-vcg-backend\SchoolApp.DAL\bin\Debug\net8.0\SchoolApp.DAL.dll" to "bin\Debug\net8.0\SchoolApp.DAL.dll". Beginning retry 10 in 1000ms. The process cannot access the file 'E:\GitHub Projects\Noshahi-Institute-Manager\nim-vcg-backend\SchoolApiService\bin\Debug\net8.0\SchoolApp.DAL.dll' because it is being used by another process. The file is locked by: "SchoolApiService (14224)" [E:\GitHub Projects\Noshahi-Institute-Manager\nim-vcg-backend\SchoolApiService\SchoolApiService.csproj]
C:\Program Files\dotnet\sdk\10.0.103\Microsoft.Common.CurrentVersion.targets(5080,5): error MSB3027: Could not copy "E:\GitHub Projects\Noshahi-Institute-Manager\nim-vcg-backend\SchoolApp.DAL\bin\Debug\net8.0\SchoolApp.DAL.dll" to "bin\Debug\net8.0\SchoolApp.DAL.dll". Exceeded retry count of 10. Failed. The file is locked by: "SchoolApiService (14224)" [E:\GitHub Projects\Noshahi-Institute-Manager\nim-vcg-backend\SchoolApiService\SchoolApiService.csproj]
C:\Program Files\dotnet\sdk\10.0.103\Microsoft.Common.CurrentVersion.targets(5080,5): error MSB3021: Unable to copy file "E:\GitHub Projects\Noshahi-Institute-Manager\nim-vcg-backend\SchoolApp.DAL\bin\Debug\net8.0\SchoolApp.DAL.dll" to "bin\Debug\net8.0\SchoolApp.DAL.dll". The process cannot access the file 'E:\GitHub Projects\Noshahi-Institute-Manager\nim-vcg-backend\SchoolApiService\bin\Debug\net8.0\SchoolApp.DAL.dll' because it is being used by another process. [E:\GitHub Projects\Noshahi-Institute-Manager\nim-vcg-backend\SchoolApiService\SchoolApiService.csproj]
C:\Program Files\dotnet\sdk\10.0.103\Microsoft.Common.CurrentVersion.targets(5080,5): error MSB3027: Could not copy "E:\GitHub Projects\Noshahi-Institute-Manager\nim-vcg-backend\SchoolApp.Models\bin\Debug\net8.0\SchoolApp.Models.dll" to "bin\Debug\net8.0\SchoolApp.Models.dll". Exceeded retry count of 10. Failed. The file is locked by: "SchoolApiService (14224)" [E:\GitHub Projects\Noshahi-Institute-Manager\nim-vcg-backend\SchoolApiService\SchoolApiService.csproj]
C:\Program Files\dotnet\sdk\10.0.103\Microsoft.Common.CurrentVersion.targets(5080,5): error MSB3021: Unable to copy file "E:\GitHub Projects\Noshahi-Institute-Manager\nim-vcg-backend\SchoolApp.Models\bin\Debug\net8.0\SchoolApp.Models.dll" to "bin\Debug\net8.0\SchoolApp.Models.dll". The process cannot access the file 'E:\GitHub Projects\Noshahi-Institute-Manager\nim-vcg-backend\SchoolApiService\bin\Debug\net8.0\SchoolApp.Models.dll' because it is being used by another process. [E:\GitHub Projects\Noshahi-Institute-Manager\nim-vcg-backend\SchoolApiService\SchoolApiService.csproj]
    20 Warning(s)
    4 Error(s)

Time Elapsed 00:00:18.26
